Version: nightly
Build Time: 2026.05.29
Platform: windows (amd64)
Vulkan 1.3.239
RAM in Use: 84 MB / OS Reserved: 108 MB
Active Goroutines: 2
Timestamp: 2026-06-08 14:49:12

Engine error

Error: external/script/main.lua:3717: .\external\mods\super_select.lua line:77(column:27) near 'map_name':   syntax error

stack traceback:
	[G]: in function (anonymous)
	[G]: in function 'require'
	external/script/main.lua:3717: in main chunk
	[G]: ?

Go stack traceback:
goroutine 1 [running, locked to thread]:
runtime/debug.Stack()
	runtime/debug/stack.go:26 +0x5e
main.handlePanic({0x7ff7d12b4e20, 0xc005274a80})
	github.com/ikemen-engine/Ikemen-GO/src/main.go:362 +0x385
main.realMain.func1()
	github.com/ikemen-engine/Ikemen-GO/src/main.go:66 +0x25
panic({0x7ff7d12b4e20?, 0xc005274a80?})
	runtime/panic.go:783 +0x132
main.realMain()
	github.com/ikemen-engine/Ikemen-GO/src/main.go:206 +0x568
main.main()
	github.com/ikemen-engine/Ikemen-GO/src/main.go:59 +0xf
