Version: nightly
Build Time: 2026.05.29
Platform: windows (amd64)
Vulkan 1.3.239
RAM in Use: 72 MB / OS Reserved: 112 MB
Active Goroutines: 2
Timestamp: 2026-06-18 16:03:41

Engine error

Error: external/script/main.lua:1551: .\external\script\menu.lua line:479(column:4) near 'menu':   syntax error

stack traceback:
	[G]: in function (anonymous)
	[G]: in function 'require'
	external/script/main.lua:1551: in main chunk
	[G]: ?

Go stack traceback:
goroutine 1 [running, locked to thread]:
runtime/debug.Stack()
	runtime/debug/stack.go:26 +0x5e
main.handlePanic({0x7ff735024e20, 0xc004dda700})
	github.com/ikemen-engine/Ikemen-GO/src/main.go:362 +0x385
main.realMain.func1()
	github.com/ikemen-engine/Ikemen-GO/src/main.go:66 +0x25
panic({0x7ff735024e20?, 0xc004dda700?})
	runtime/panic.go:783 +0x132
main.realMain()
	github.com/ikemen-engine/Ikemen-GO/src/main.go:206 +0x568
main.main()
	github.com/ikemen-engine/Ikemen-GO/src/main.go:59 +0xf
