Version: nightly
Build Time: 2026.05.29
Platform: windows (amd64)
Vulkan 1.3.239
RAM in Use: 132 MB / OS Reserved: 373 MB
Active Goroutines: 3
Timestamp: 2026-07-03 01:27:23

Engine error

Error: .\external\script\start.lua:1654: data/common.cns:5512:
Command doesn't exist: Multiparry
stack traceback:
	[G]: in function 'game'
	.\external\script\start.lua:1654: in function 'f_game'
	.\external\script\start.lua:2232: in function 'launchFight'
	external/script/default.lua:2: in function <external/script/default.lua:0>
	.\external\script\start.lua:1710: in function 'f'
	external/script/main.lua:2437: in function 'loop'
	external/script/main.lua:3758: in main chunk
	[G]: ?

Go stack traceback:
goroutine 1 [running, locked to thread]:
runtime/debug.Stack()
	runtime/debug/stack.go:26 +0x5e
main.handlePanic({0x7ff724684e20, 0xc0056fd9c0})
	github.com/ikemen-engine/Ikemen-GO/src/main.go:362 +0x385
main.realMain.func1()
	github.com/ikemen-engine/Ikemen-GO/src/main.go:66 +0x25
panic({0x7ff724684e20?, 0xc0056fd9c0?})
	runtime/panic.go:783 +0x132
main.realMain()
	github.com/ikemen-engine/Ikemen-GO/src/main.go:206 +0x568
main.main()
	github.com/ikemen-engine/Ikemen-GO/src/main.go:59 +0xf
