Version: nightly
Build Time: 2026.05.22
Platform: windows (amd64)
OpenGL 3.3
RAM in Use: 159 MB / OS Reserved: 192 MB
Active Goroutines: 3
Timestamp: 2026-05-24 19:15:27

Engine error

Error: external/script/main.lua:3200: data/common.cns:8522:
Parentheses cannot be used within a trigger redirection
stack traceback:
	[G]: in function 'game'
	external/script/main.lua:3200: in function 'f'
	external/script/main.lua:2407: in function 'loop'
	external/script/main.lua:3728: in main chunk
	[G]: ?

Go stack traceback:
goroutine 1 [running, locked to thread]:
runtime/debug.Stack()
	runtime/debug/stack.go:24 +0x65
main.handlePanic({0x7ff63bcac3a0?, 0xc006bf66c0})
	github.com/ikemen-engine/Ikemen-GO/src/main.go:362 +0x3e5
main.realMain.func1()
	github.com/ikemen-engine/Ikemen-GO/src/main.go:66 +0x2a
panic({0x7ff63bcac3a0, 0xc006bf66c0})
	runtime/panic.go:884 +0x213
main.realMain()
	github.com/ikemen-engine/Ikemen-GO/src/main.go:206 +0x573
main.main()
	github.com/ikemen-engine/Ikemen-GO/src/main.go:59 +0x17
