Version: nightly
Build Time: 2026.05.29
Platform: windows (amd64)
Vulkan 1.3.239
RAM in Use: 194 MB / OS Reserved: 263 MB
Active Goroutines: 3
Timestamp: 2026-05-30 03:09:15

Engine error

Error: external/script/main.lua:3230: chars/Eden/Eden.cds:120:
Command doesn't exist: 236BC
stack traceback:
	[G]: in function 'game'
	external/script/main.lua:3230: in function 'f'
	external/script/main.lua:2437: in function 'loop'
	external/script/main.lua:3758: in main chunk
	[G]: ?

Go stack traceback:
goroutine 1 [running, locked to thread]:
runtime/debug.Stack()
	runtime/debug/stack.go:26 +0x5e
main.handlePanic({0x7ff7e2034e20, 0xc004ccee80})
	github.com/ikemen-engine/Ikemen-GO/src/main.go:362 +0x385
main.realMain.func1()
	github.com/ikemen-engine/Ikemen-GO/src/main.go:66 +0x25
panic({0x7ff7e2034e20?, 0xc004ccee80?})
	runtime/panic.go:783 +0x132
main.realMain()
	github.com/ikemen-engine/Ikemen-GO/src/main.go:206 +0x568
main.main()
	github.com/ikemen-engine/Ikemen-GO/src/main.go:59 +0xf
