Version: nightly
Build Time: 2026.05.29
Platform: windows (amd64)
Vulkan 1.3.239
RAM in Use: 114 MB / OS Reserved: 188 MB
Active Goroutines: 3
Timestamp: 2026-06-08 14:39:10

Engine error

Error: .\external\mods\super_select.lua:149: attempt to index a non-table object(nil) with key 'p1'
stack traceback:
	.\external\mods\super_select.lua:149: in function 'f_draw'
	.\external\mods\super_select.lua:237: in function 'f_superMenu'
	.\external\mods\super_select.lua:250: in function 'f_selectMenu'
	.\external\script\start.lua:2542: in function 'f_selectScreen'
	.\external\script\start.lua:1674: in function 'f'
	external/script/main.lua:2437: in function 'loop'
	external/script/main.lua:3758: in main chunk
	[G]: ?

Go stack traceback:
goroutine 1 [running, locked to thread]:
runtime/debug.Stack()
	runtime/debug/stack.go:26 +0x5e
main.handlePanic({0x7ff7d12b4e20, 0xc003108780})
	github.com/ikemen-engine/Ikemen-GO/src/main.go:362 +0x385
main.realMain.func1()
	github.com/ikemen-engine/Ikemen-GO/src/main.go:66 +0x25
panic({0x7ff7d12b4e20?, 0xc003108780?})
	runtime/panic.go:783 +0x132
main.realMain()
	github.com/ikemen-engine/Ikemen-GO/src/main.go:206 +0x568
main.main()
	github.com/ikemen-engine/Ikemen-GO/src/main.go:59 +0xf
