Version: nightly
Build Time: 2026.05.29
Platform: windows (amd64)
Vulkan 1.3.239
RAM in Use: 12 MB / OS Reserved: 25 MB
Active Goroutines: 2
Timestamp: 2026-05-30 02:57:48

Engine error

Error: external/script/main.lua:875: 
Can't load motif : data/ikemen1/system.def:
data/ikemen1/system.def
Failed to load text from data/ikemen1/system.def: open data/ikemen1/system.def: The system cannot find the file specified.

stack traceback:
	[G]: in function 'loadMotif'
	external/script/main.lua:875: in main chunk
	[G]: ?

Go stack traceback:
goroutine 1 [running, locked to thread]:
runtime/debug.Stack()
	runtime/debug/stack.go:26 +0x5e
main.handlePanic({0x7ff7a5c54e20, 0xc000cb8140})
	github.com/ikemen-engine/Ikemen-GO/src/main.go:362 +0x385
main.realMain.func1()
	github.com/ikemen-engine/Ikemen-GO/src/main.go:66 +0x25
panic({0x7ff7a5c54e20?, 0xc000cb8140?})
	runtime/panic.go:783 +0x132
main.realMain()
	github.com/ikemen-engine/Ikemen-GO/src/main.go:206 +0x568
main.main()
	github.com/ikemen-engine/Ikemen-GO/src/main.go:59 +0xf
